DECLARE FUNCTION func TYPE int
ARG arg1 TYPE int ARG arg2 TYPE int
BEGIN
    
END SCOPE
